{"attempt_id": "seed-01/protection_warrior/single_target_300", "failure_reasons": [], "passed": true, "published": true, "reference_ratio": 0.919448}
{"attempt_id": "seed-01/protection_warrior/tank_threat_300", "failure_reasons": [], "passed": true, "published": true, "reference_ratio": 0.874048}
{"attempt_id": "seed-01/protection_paladin/single_target_300", "failure_reasons": [], "passed": true, "published": true, "reference_ratio": 0.98545}
{"attempt_id": "seed-01/protection_paladin/tank_threat_300", "failure_reasons": [], "passed": true, "published": true, "reference_ratio": 1.643639}
{"attempt_id": "seed-01/blood_death_knight/single_target_300", "failure_reasons": [], "passed": true, "published": true, "reference_ratio": 0.9747}
{"attempt_id": "seed-01/blood_death_knight/tank_threat_300", "failure_reasons": [], "passed": true, "published": true, "reference_ratio": 1.131912}
{"attempt_id": "seed-01/feral_druid_tank/single_target_300", "failure_reasons": [], "passed": true, "published": true, "reference_ratio": 0.90916}
{"attempt_id": "seed-01/feral_druid_tank/tank_threat_300", "failure_reasons": [], "passed": true, "published": true, "reference_ratio": 0.957472}
{"attempt_id": "seed-01/holy_paladin/healer_controlled_damage_300", "failure_reasons": [], "passed": true, "published": true, "reference_ratio": 0.937951}
{"attempt_id": "seed-01/discipline_priest/healer_controlled_damage_300", "failure_reasons": [], "passed": true, "published": true, "reference_ratio": 0.965713}
{"attempt_id": "seed-01/holy_priest/healer_controlled_damage_300", "failure_reasons": [], "passed": true, "published": true, "reference_ratio": 0.992114}
{"attempt_id": "seed-01/restoration_shaman/healer_controlled_damage_300", "failure_reasons": [], "passed": true, "published": true, "reference_ratio": 0.988416}
{"attempt_id": "seed-01/restoration_druid/healer_controlled_damage_300", "failure_reasons": [], "passed": true, "published": true, "reference_ratio": 0.993356}
{"attempt_id": "seed-01/arms_warrior/single_target_300", "failure_reasons": [], "passed": true, "published": true, "reference_ratio": 1.254266}
{"attempt_id": "seed-01/arms_warrior/aoe_300", "failure_reasons": [], "passed": true, "published": true, "reference_ratio": 1.283969}
{"attempt_id": "seed-01/retribution_paladin/single_target_300", "failure_reasons": [], "passed": true, "published": true, "reference_ratio": 0.90174}
{"attempt_id": "seed-01/retribution_paladin/aoe_300", "failure_reasons": [], "passed": true, "published": true, "reference_ratio": 2.349076}
{"attempt_id": "seed-01/marksmanship_hunter/single_target_300", "failure_reasons": [], "passed": true, "published": true, "reference_ratio": 1.08035}
{"attempt_id": "seed-01/marksmanship_hunter/aoe_300", "failure_reasons": [], "passed": true, "published": true, "reference_ratio": 1.77726}
{"attempt_id": "seed-01/combat_rogue/single_target_300", "failure_reasons": [], "passed": true, "published": true, "reference_ratio": 1.938529}
{"attempt_id": "seed-01/combat_rogue/aoe_300", "failure_reasons": [], "passed": true, "published": true, "reference_ratio": 1.904966}
{"attempt_id": "seed-01/unholy_death_knight/single_target_300", "failure_reasons": [], "passed": true, "published": true, "reference_ratio": 0.875314}
{"attempt_id": "seed-01/unholy_death_knight/aoe_300", "failure_reasons": [], "passed": true, "published": true, "reference_ratio": 1.008719}
{"attempt_id": "seed-01/enhancement_shaman/single_target_300", "failure_reasons": [], "passed": true, "published": true, "reference_ratio": 0.994257}
{"attempt_id": "seed-01/enhancement_shaman/aoe_300", "failure_reasons": [], "passed": true, "published": true, "reference_ratio": 0.924654}
{"attempt_id": "seed-01/fire_mage/single_target_300", "failure_reasons": [], "passed": true, "published": true, "reference_ratio": 0.944776}
{"attempt_id": "seed-01/fire_mage/aoe_300", "failure_reasons": [], "passed": true, "published": true, "reference_ratio": 1.076927}
{"attempt_id": "seed-01/demonology_warlock/single_target_300", "failure_reasons": [], "passed": true, "published": true, "reference_ratio": 0.837497}
{"attempt_id": "seed-01/demonology_warlock/aoe_300", "failure_reasons": [], "passed": true, "published": true, "reference_ratio": 1.414308}
{"attempt_id": "seed-01/shadow_priest/single_target_300", "failure_reasons": [], "passed": true, "published": true, "reference_ratio": 0.826993}
{"attempt_id": "seed-01/shadow_priest/aoe_300", "failure_reasons": [], "passed": true, "published": true, "reference_ratio": 1.23308}
{"attempt_id": "seed-01/balance_druid/single_target_300", "failure_reasons": [], "passed": true, "published": true, "reference_ratio": 0.887116}
{"attempt_id": "seed-01/balance_druid/aoe_300", "failure_reasons": [], "passed": true, "published": true, "reference_ratio": 0.890424}
{"attempt_id": "seed-02/protection_warrior/single_target_300", "failure_reasons": [], "passed": true, "published": true, "reference_ratio": 0.848329}
{"attempt_id": "seed-02/protection_warrior/tank_threat_300", "failure_reasons": [], "passed": true, "published": true, "reference_ratio": 0.851871}
{"attempt_id": "seed-02/protection_paladin/single_target_300", "failure_reasons": [], "passed": true, "published": true, "reference_ratio": 0.917403}
{"attempt_id": "seed-02/protection_paladin/tank_threat_300", "failure_reasons": [], "passed": true, "published": true, "reference_ratio": 1.6374}
{"attempt_id": "seed-02/blood_death_knight/single_target_300", "failure_reasons": [], "passed": true, "published": true, "reference_ratio": 0.983655}
{"attempt_id": "seed-02/blood_death_knight/tank_threat_300", "failure_reasons": [], "passed": true, "published": true, "reference_ratio": 1.128699}
{"attempt_id": "seed-02/feral_druid_tank/single_target_300", "failure_reasons": [], "passed": true, "published": true, "reference_ratio": 0.902129}
{"attempt_id": "seed-02/feral_druid_tank/tank_threat_300", "failure_reasons": [], "passed": true, "published": true, "reference_ratio": 0.962524}
{"attempt_id": "seed-02/holy_paladin/healer_controlled_damage_300", "failure_reasons": [], "passed": true, "published": true, "reference_ratio": 0.954628}
{"attempt_id": "seed-02/discipline_priest/healer_controlled_damage_300", "failure_reasons": [], "passed": true, "published": true, "reference_ratio": 0.912}
{"attempt_id": "seed-02/holy_priest/healer_controlled_damage_300", "failure_reasons": [], "passed": true, "published": true, "reference_ratio": 0.992677}
{"attempt_id": "seed-02/restoration_shaman/healer_controlled_damage_300", "failure_reasons": [], "passed": true, "published": true, "reference_ratio": 1.022855}
{"attempt_id": "seed-02/restoration_druid/healer_controlled_damage_300", "failure_reasons": [], "passed": true, "published": true, "reference_ratio": 0.993308}
{"attempt_id": "seed-02/arms_warrior/single_target_300", "failure_reasons": [], "passed": true, "published": true, "reference_ratio": 1.197294}
{"attempt_id": "seed-02/arms_warrior/aoe_300", "failure_reasons": [], "passed": true, "published": true, "reference_ratio": 1.282671}
{"attempt_id": "seed-02/retribution_paladin/single_target_300", "failure_reasons": [], "passed": true, "published": true, "reference_ratio": 0.925554}
{"attempt_id": "seed-02/retribution_paladin/aoe_300", "failure_reasons": [], "passed": true, "published": true, "reference_ratio": 2.336593}
{"attempt_id": "seed-02/marksmanship_hunter/single_target_300", "failure_reasons": [], "passed": true, "published": true, "reference_ratio": 1.052336}
{"attempt_id": "seed-02/marksmanship_hunter/aoe_300", "failure_reasons": [], "passed": true, "published": true, "reference_ratio": 1.613381}
{"attempt_id": "seed-02/combat_rogue/single_target_300", "failure_reasons": [], "passed": true, "published": true, "reference_ratio": 1.930598}
{"attempt_id": "seed-02/combat_rogue/aoe_300", "failure_reasons": [], "passed": true, "published": true, "reference_ratio": 1.809619}
{"attempt_id": "seed-02/unholy_death_knight/single_target_300", "failure_reasons": [], "passed": true, "published": true, "reference_ratio": 0.868773}
{"attempt_id": "seed-02/unholy_death_knight/aoe_300", "failure_reasons": [], "passed": true, "published": true, "reference_ratio": 0.964166}
{"attempt_id": "seed-02/enhancement_shaman/single_target_300", "failure_reasons": [], "passed": true, "published": true, "reference_ratio": 1.021975}
{"attempt_id": "seed-02/enhancement_shaman/aoe_300", "failure_reasons": [], "passed": true, "published": true, "reference_ratio": 0.933405}
{"attempt_id": "seed-02/fire_mage/single_target_300", "failure_reasons": [], "passed": true, "published": true, "reference_ratio": 0.897143}
{"attempt_id": "seed-02/fire_mage/aoe_300", "failure_reasons": [], "passed": true, "published": true, "reference_ratio": 1.112409}
{"attempt_id": "seed-02/demonology_warlock/single_target_300", "failure_reasons": [], "passed": true, "published": true, "reference_ratio": 0.882796}
{"attempt_id": "seed-02/demonology_warlock/aoe_300", "failure_reasons": [], "passed": true, "published": true, "reference_ratio": 1.409013}
{"attempt_id": "seed-02/shadow_priest/single_target_300", "failure_reasons": [], "passed": true, "published": true, "reference_ratio": 0.864628}
{"attempt_id": "seed-02/shadow_priest/aoe_300", "failure_reasons": [], "passed": true, "published": true, "reference_ratio": 1.281975}
{"attempt_id": "seed-02/balance_druid/single_target_300", "failure_reasons": [], "passed": true, "published": true, "reference_ratio": 0.926942}
{"attempt_id": "seed-02/balance_druid/aoe_300", "failure_reasons": [], "passed": true, "published": true, "reference_ratio": 0.882453}
{"attempt_id": "seed-03/protection_warrior/single_target_300", "failure_reasons": [], "passed": true, "published": true, "reference_ratio": 0.863626}
{"attempt_id": "seed-03/protection_warrior/tank_threat_300", "failure_reasons": [], "passed": true, "published": true, "reference_ratio": 0.882254}
{"attempt_id": "seed-03/protection_paladin/single_target_300", "failure_reasons": [], "passed": true, "published": true, "reference_ratio": 0.998701}
{"attempt_id": "seed-03/protection_paladin/tank_threat_300", "failure_reasons": [], "passed": true, "published": true, "reference_ratio": 1.602522}
{"attempt_id": "seed-03/blood_death_knight/single_target_300", "failure_reasons": [], "passed": true, "published": true, "reference_ratio": 1.004278}
{"attempt_id": "seed-03/blood_death_knight/tank_threat_300", "failure_reasons": [], "passed": true, "published": true, "reference_ratio": 1.091799}
{"attempt_id": "seed-03/feral_druid_tank/single_target_300", "failure_reasons": [], "passed": true, "published": true, "reference_ratio": 0.918049}
{"attempt_id": "seed-03/feral_druid_tank/tank_threat_300", "failure_reasons": [], "passed": true, "published": true, "reference_ratio": 0.917143}
{"attempt_id": "seed-03/holy_paladin/healer_controlled_damage_300", "failure_reasons": [], "passed": true, "published": true, "reference_ratio": 0.897475}
{"attempt_id": "seed-03/discipline_priest/healer_controlled_damage_300", "failure_reasons": [], "passed": true, "published": true, "reference_ratio": 0.947306}
{"attempt_id": "seed-03/holy_priest/healer_controlled_damage_300", "failure_reasons": [], "passed": true, "published": true, "reference_ratio": 0.986514}
{"attempt_id": "seed-03/restoration_shaman/healer_controlled_damage_300", "failure_reasons": [], "passed": true, "published": true, "reference_ratio": 0.990722}
{"attempt_id": "seed-03/restoration_druid/healer_controlled_damage_300", "failure_reasons": [], "passed": true, "published": true, "reference_ratio": 0.993494}
{"attempt_id": "seed-03/arms_warrior/single_target_300", "failure_reasons": [], "passed": true, "published": true, "reference_ratio": 1.19803}
{"attempt_id": "seed-03/arms_warrior/aoe_300", "failure_reasons": [], "passed": true, "published": true, "reference_ratio": 1.274391}
{"attempt_id": "seed-03/retribution_paladin/single_target_300", "failure_reasons": [], "passed": true, "published": true, "reference_ratio": 0.955758}
{"attempt_id": "seed-03/retribution_paladin/aoe_300", "failure_reasons": [], "passed": true, "published": true, "reference_ratio": 2.350642}
{"attempt_id": "seed-03/marksmanship_hunter/single_target_300", "failure_reasons": [], "passed": true, "published": true, "reference_ratio": 1.050026}
{"attempt_id": "seed-03/marksmanship_hunter/aoe_300", "failure_reasons": [], "passed": true, "published": true, "reference_ratio": 1.614856}
{"attempt_id": "seed-03/combat_rogue/single_target_300", "failure_reasons": [], "passed": true, "published": true, "reference_ratio": 1.919012}
{"attempt_id": "seed-03/combat_rogue/aoe_300", "failure_reasons": [], "passed": true, "published": true, "reference_ratio": 1.986061}
{"attempt_id": "seed-03/unholy_death_knight/single_target_300", "failure_reasons": [], "passed": true, "published": true, "reference_ratio": 0.882735}
{"attempt_id": "seed-03/unholy_death_knight/aoe_300", "failure_reasons": [], "passed": true, "published": true, "reference_ratio": 0.90995}
{"attempt_id": "seed-03/enhancement_shaman/single_target_300", "failure_reasons": [], "passed": true, "published": true, "reference_ratio": 0.933822}
{"attempt_id": "seed-03/enhancement_shaman/aoe_300", "failure_reasons": [], "passed": true, "published": true, "reference_ratio": 0.917985}
{"attempt_id": "seed-03/fire_mage/single_target_300", "failure_reasons": [], "passed": true, "published": true, "reference_ratio": 0.927944}
{"attempt_id": "seed-03/fire_mage/aoe_300", "failure_reasons": [], "passed": true, "published": true, "reference_ratio": 1.002076}
{"attempt_id": "seed-03/demonology_warlock/single_target_300", "failure_reasons": [], "passed": true, "published": true, "reference_ratio": 0.845944}
{"attempt_id": "seed-03/demonology_warlock/aoe_300", "failure_reasons": [], "passed": true, "published": true, "reference_ratio": 1.483031}
{"attempt_id": "seed-03/shadow_priest/single_target_300", "failure_reasons": [], "passed": true, "published": true, "reference_ratio": 0.828087}
{"attempt_id": "seed-03/shadow_priest/aoe_300", "failure_reasons": [], "passed": true, "published": true, "reference_ratio": 1.170564}
{"attempt_id": "seed-03/balance_druid/single_target_300", "failure_reasons": [], "passed": true, "published": true, "reference_ratio": 0.882032}
{"attempt_id": "seed-03/balance_druid/aoe_300", "failure_reasons": [], "passed": true, "published": true, "reference_ratio": 0.901352}
